max: TechnicallyBreaking
  Addition: ::b
  Addition: ::b::Abc
  Addition: ::c
  Addition: ::c::Abc
