version bump: 1.0.0 -> (Breaking) -> 2.0.0
  Removal: Abc
  Abc -
    KindDifference
