version bump: 1.0.0 -> (TechnicallyBreaking) -> 1.1.0
warning: Addition of at least one path to `a` (TechnicallyBreaking)
  --> $REPO_PATH/tests/examples/pathologic_paths.rs:11:25
   |
11 |             pub mod a { blow!($($rest)*); }
   |                         ^^^^^^^^^^^^^^^^^^^

warning: Addition of at least one path to `b` (TechnicallyBreaking)
  --> $REPO_PATH/tests/examples/pathologic_paths.rs:12:25
   |
12 |             pub mod b { pub use super::a::*; }
   |                         ^^^^^^^^^^^^^^^^^^^^^^

